[debug] [2026-05-09T20:13:21.746Z] ----------------------------------------------------------------------
[debug] [2026-05-09T20:13:21.749Z] Command:       /usr/local/bin/node /usr/local/bin/firebase init functions
[debug] [2026-05-09T20:13:21.750Z] CLI Version:   15.17.0
[debug] [2026-05-09T20:13:21.750Z] Platform:      darwin
[debug] [2026-05-09T20:13:21.750Z] Node Version:  v24.11.1
[debug] [2026-05-09T20:13:21.750Z] Time:          Sat May 09 2026 20:13:21 GMT+0000 (Greenwich Mean Time)
[debug] [2026-05-09T20:13:21.750Z] ----------------------------------------------------------------------
[debug] 
[debug] [2026-05-09T20:13:21.752Z] >>> [apiv2][query] GET https://firebase-public.firebaseio.com/cli.json [none]
[info] 
     ######## #### ########  ######## ########     ###     ######  ########
     ##        ##  ##     ## ##       ##     ##  ##   ##  ##       ##
     ######    ##  ########  ######   ########  #########  ######  ######
     ##        ##  ##    ##  ##       ##     ## ##     ##       ## ##
     ##       #### ##     ## ######## ########  ##     ##  ######  ########

You're about to initialize a Firebase project in this directory:

  /Users/bossmrpk/Documents/CoopLedger/coopledger-mobile

[info] 
=== Project Setup
[info] 
[info] First, let's associate this project directory with a Firebase project.
[info] You can create multiple project aliases by running firebase use --add, 
[info] 
[debug] [2026-05-09T20:13:24.723Z] <<< [apiv2][status] GET https://firebase-public.firebaseio.com/cli.json 200
[debug] [2026-05-09T20:13:24.723Z] <<< [apiv2][body] GET https://firebase-public.firebaseio.com/cli.json {"cloudBuildErrorAfter":1594252800000,"cloudBuildWarnAfter":1590019200000,"defaultNode10After":1594252800000,"minVersion":"3.0.5","node8DeploysDisabledAfter":1613390400000,"node8RuntimeDisabledAfter":1615809600000,"node8WarnAfter":1600128000000}
[debug] [2026-05-09T20:13:43.395Z] > command requires scopes: ["email","openid","https://www.googleapis.com/auth/cloudplatformprojects.readonly","https://www.googleapis.com/auth/firebase","https://www.googleapis.com/auth/cloud-platform"]
[debug] [2026-05-09T20:13:43.396Z] > authorizing via signed-in user (penielkouboumor@gmail.com)
[debug] [2026-05-09T20:13:43.397Z] Checked if tokens are valid: false, expires at: 1777806289378
[debug] [2026-05-09T20:13:43.397Z] Checked if tokens are valid: false, expires at: 1777806289378
[debug] [2026-05-09T20:13:43.398Z] > refreshing access token with scopes: []
[debug] [2026-05-09T20:13:43.400Z] >>> [apiv2][query] POST https://www.googleapis.com/oauth2/v3/token [none]
[debug] [2026-05-09T20:13:43.400Z] >>> [apiv2][body] POST https://www.googleapis.com/oauth2/v3/token [omitted]
[debug] [2026-05-09T20:13:43.794Z] <<< [apiv2][status] POST https://www.googleapis.com/oauth2/v3/token 200
[debug] [2026-05-09T20:13:43.794Z] <<< [apiv2][body] POST https://www.googleapis.com/oauth2/v3/token [omitted]
[debug] [2026-05-09T20:13:43.823Z] >>> [apiv2][query] GET https://firebase.googleapis.com/v1beta1/projects pageSize=100
[debug] [2026-05-09T20:13:44.649Z] <<< [apiv2][status] GET https://firebase.googleapis.com/v1beta1/projects 200
[debug] [2026-05-09T20:13:44.649Z] <<< [apiv2][body] GET https://firebase.googleapis.com/v1beta1/projects [omitted]
[info] 
=== Functions Setup
[debug] [2026-05-09T20:13:50.095Z] > command requires scopes: ["email","openid","https://www.googleapis.com/auth/cloudplatformprojects.readonly","https://www.googleapis.com/auth/firebase","https://www.googleapis.com/auth/cloud-platform"]
[debug] [2026-05-09T20:13:50.095Z] > authorizing via signed-in user (penielkouboumor@gmail.com)
[debug] [2026-05-09T20:13:50.095Z] [iam] checking project coopledger-3cf7c for permissions ["firebase.projects.get"]
[debug] [2026-05-09T20:13:50.095Z] Checked if tokens are valid: true, expires at: 1778361222794
[debug] [2026-05-09T20:13:50.095Z] Checked if tokens are valid: true, expires at: 1778361222794
[debug] [2026-05-09T20:13:50.101Z] >>> [apiv2][query] POST https://cloudresourcemanager.googleapis.com/v1/projects/coopledger-3cf7c:testIamPermissions [none]
[debug] [2026-05-09T20:13:50.101Z] >>> [apiv2][(partial)header] POST https://cloudresourcemanager.googleapis.com/v1/projects/coopledger-3cf7c:testIamPermissions  x-goog-user-project=coopledger-3cf7c
[debug] [2026-05-09T20:13:50.102Z] >>> [apiv2][body] POST https://cloudresourcemanager.googleapis.com/v1/projects/coopledger-3cf7c:testIamPermissions {"permissions":["firebase.projects.get"]}
[debug] [2026-05-09T20:13:51.188Z] <<< [apiv2][status] POST https://cloudresourcemanager.googleapis.com/v1/projects/coopledger-3cf7c:testIamPermissions 200
[debug] [2026-05-09T20:13:51.188Z] <<< [apiv2][body] POST https://cloudresourcemanager.googleapis.com/v1/projects/coopledger-3cf7c:testIamPermissions {"permissions":["firebase.projects.get"]}
[debug] [2026-05-09T20:13:51.189Z] Checked if tokens are valid: true, expires at: 1778361222794
[debug] [2026-05-09T20:13:51.189Z] Checked if tokens are valid: true, expires at: 1778361222794
[debug] [2026-05-09T20:13:51.189Z] Checked if tokens are valid: true, expires at: 1778361222794
[debug] [2026-05-09T20:13:51.189Z] Checked if tokens are valid: true, expires at: 1778361222794
[debug] [2026-05-09T20:13:51.191Z] >>> [apiv2][query] GET https://serviceusage.googleapis.com/v1/projects/coopledger-3cf7c/services/cloudfunctions.googleapis.com [none]
[debug] [2026-05-09T20:13:51.191Z] >>> [apiv2][(partial)header] GET https://serviceusage.googleapis.com/v1/projects/coopledger-3cf7c/services/cloudfunctions.googleapis.com  x-goog-user-project=coopledger-3cf7c
[debug] [2026-05-09T20:13:51.193Z] >>> [apiv2][query] GET https://serviceusage.googleapis.com/v1/projects/coopledger-3cf7c/services/runtimeconfig.googleapis.com [none]
[debug] [2026-05-09T20:13:51.193Z] >>> [apiv2][(partial)header] GET https://serviceusage.googleapis.com/v1/projects/coopledger-3cf7c/services/runtimeconfig.googleapis.com  x-goog-user-project=coopledger-3cf7c
[debug] [2026-05-09T20:13:52.325Z] <<< [apiv2][status] GET https://serviceusage.googleapis.com/v1/projects/coopledger-3cf7c/services/runtimeconfig.googleapis.com 200
[debug] [2026-05-09T20:13:52.326Z] <<< [apiv2][body] GET https://serviceusage.googleapis.com/v1/projects/coopledger-3cf7c/services/runtimeconfig.googleapis.com [omitted]
[debug] [2026-05-09T20:13:52.349Z] <<< [apiv2][status] GET https://serviceusage.googleapis.com/v1/projects/coopledger-3cf7c/services/cloudfunctions.googleapis.com 200
[debug] [2026-05-09T20:13:52.350Z] <<< [apiv2][body] GET https://serviceusage.googleapis.com/v1/projects/coopledger-3cf7c/services/cloudfunctions.googleapis.com [omitted]
[debug] [2026-05-09T20:13:52.350Z] Checked if tokens are valid: true, expires at: 1778361222794
[debug] [2026-05-09T20:13:52.350Z] Checked if tokens are valid: true, expires at: 1778361222794
[debug] [2026-05-09T20:13:52.350Z] >>> [apiv2][query] POST https://serviceusage.googleapis.com/v1/projects/coopledger-3cf7c/services/cloudfunctions.googleapis.com:enable [none]
[debug] [2026-05-09T20:13:52.350Z] >>> [apiv2][(partial)header] POST https://serviceusage.googleapis.com/v1/projects/coopledger-3cf7c/services/cloudfunctions.googleapis.com:enable  x-goog-user-project=coopledger-3cf7c
[debug] [2026-05-09T20:13:53.506Z] <<< [apiv2][status] POST https://serviceusage.googleapis.com/v1/projects/coopledger-3cf7c/services/cloudfunctions.googleapis.com:enable 200
[debug] [2026-05-09T20:13:53.506Z] <<< [apiv2][body] POST https://serviceusage.googleapis.com/v1/projects/coopledger-3cf7c/services/cloudfunctions.googleapis.com:enable [omitted]
[info] Let's create a new codebase for your functions.
[info] A directory corresponding to the codebase will be created in your project
[info] with sample code pre-configured.

[info] See https://firebase.google.com/docs/functions/organize-functions for
[info] more information on organizing your functions using codebases.

[info] Functions can be deployed with firebase deploy.

[info] ✔  Wrote functions/package.json 
[info] ✔  Wrote functions/index.js 
[info] ✔  Wrote functions/.gitignore 
[debug] [2026-05-09T21:12:20.221Z] ----------------------------------------------------------------------
[debug] [2026-05-09T21:12:20.225Z] Command:       /usr/local/bin/node /usr/local/bin/firebase init functions
[debug] [2026-05-09T21:12:20.225Z] CLI Version:   15.17.0
[debug] [2026-05-09T21:12:20.225Z] Platform:      darwin
[debug] [2026-05-09T21:12:20.225Z] Node Version:  v24.11.1
[debug] [2026-05-09T21:12:20.225Z] Time:          Sat May 09 2026 21:12:20 GMT+0000 (Greenwich Mean Time)
[debug] [2026-05-09T21:12:20.226Z] ----------------------------------------------------------------------
[debug] 
[info] 
     ######## #### ########  ######## ########     ###     ######  ########
     ##        ##  ##     ## ##       ##     ##  ##   ##  ##       ##
     ######    ##  ########  ######   ########  #########  ######  ######
     ##        ##  ##    ##  ##       ##     ## ##     ##       ## ##
     ##       #### ##     ## ######## ########  ##     ##  ######  ########

You're about to initialize a Firebase project in this directory:

  /Users/bossmrpk/Documents/CoopLedger/coopledger-mobile

[info] 
=== Project Setup
[info] 
[info] First, let's associate this project directory with a Firebase project.
[info] You can create multiple project aliases by running firebase use --add, 
[info] 
[debug] [2026-05-09T21:12:21.752Z] > command requires scopes: ["email","openid","https://www.googleapis.com/auth/cloudplatformprojects.readonly","https://www.googleapis.com/auth/firebase","https://www.googleapis.com/auth/cloud-platform"]
[debug] [2026-05-09T21:12:21.752Z] > authorizing via signed-in user (penielkouboumor@gmail.com)
[debug] [2026-05-09T21:12:21.753Z] Checked if tokens are valid: false, expires at: 1778361222794
[debug] [2026-05-09T21:12:21.753Z] Checked if tokens are valid: false, expires at: 1778361222794
[debug] [2026-05-09T21:12:21.753Z] > refreshing access token with scopes: []
[debug] [2026-05-09T21:12:21.755Z] >>> [apiv2][query] POST https://www.googleapis.com/oauth2/v3/token [none]
[debug] [2026-05-09T21:12:21.755Z] >>> [apiv2][body] POST https://www.googleapis.com/oauth2/v3/token [omitted]
[debug] [2026-05-09T21:12:22.245Z] <<< [apiv2][status] POST https://www.googleapis.com/oauth2/v3/token 200
[debug] [2026-05-09T21:12:22.246Z] <<< [apiv2][body] POST https://www.googleapis.com/oauth2/v3/token [omitted]
[debug] [2026-05-09T21:12:22.272Z] >>> [apiv2][query] GET https://firebase.googleapis.com/v1beta1/projects/coopledger-3cf7c [none]
[debug] [2026-05-09T21:12:22.922Z] <<< [apiv2][status] GET https://firebase.googleapis.com/v1beta1/projects/coopledger-3cf7c 200
[debug] [2026-05-09T21:12:22.922Z] <<< [apiv2][body] GET https://firebase.googleapis.com/v1beta1/projects/coopledger-3cf7c {"projectId":"coopledger-3cf7c","projectNumber":"333403837411","displayName":"coopledger","name":"projects/coopledger-3cf7c","resources":{"hostingSite":"coopledger-3cf7c","realtimeDatabaseInstance":"coopledger-3cf7c-default-rtdb"},"state":"ACTIVE","etag":"1_cfe55a9d-ef3d-4660-9333-fcee151a44c6"}
[info] i  Using project coopledger-3cf7c (coopledger) . 
[info] 
=== Functions Setup
[debug] [2026-05-09T21:12:22.938Z] > command requires scopes: ["email","openid","https://www.googleapis.com/auth/cloudplatformprojects.readonly","https://www.googleapis.com/auth/firebase","https://www.googleapis.com/auth/cloud-platform"]
[debug] [2026-05-09T21:12:22.938Z] > authorizing via signed-in user (penielkouboumor@gmail.com)
[debug] [2026-05-09T21:12:22.938Z] [iam] checking project coopledger-3cf7c for permissions ["firebase.projects.get"]
[debug] [2026-05-09T21:12:22.939Z] Checked if tokens are valid: true, expires at: 1778364741246
[debug] [2026-05-09T21:12:22.939Z] Checked if tokens are valid: true, expires at: 1778364741246
[debug] [2026-05-09T21:12:22.939Z] >>> [apiv2][query] POST https://cloudresourcemanager.googleapis.com/v1/projects/coopledger-3cf7c:testIamPermissions [none]
[debug] [2026-05-09T21:12:22.939Z] >>> [apiv2][(partial)header] POST https://cloudresourcemanager.googleapis.com/v1/projects/coopledger-3cf7c:testIamPermissions  x-goog-user-project=coopledger-3cf7c
[debug] [2026-05-09T21:12:22.939Z] >>> [apiv2][body] POST https://cloudresourcemanager.googleapis.com/v1/projects/coopledger-3cf7c:testIamPermissions {"permissions":["firebase.projects.get"]}
[debug] [2026-05-09T21:12:24.033Z] <<< [apiv2][status] POST https://cloudresourcemanager.googleapis.com/v1/projects/coopledger-3cf7c:testIamPermissions 200
[debug] [2026-05-09T21:12:24.033Z] <<< [apiv2][body] POST https://cloudresourcemanager.googleapis.com/v1/projects/coopledger-3cf7c:testIamPermissions {"permissions":["firebase.projects.get"]}
[info] Let's create a new codebase for your functions.
[info] A directory corresponding to the codebase will be created in your project
[info] with sample code pre-configured.

[info] See https://firebase.google.com/docs/functions/organize-functions for
[info] more information on organizing your functions using codebases.

[info] Functions can be deployed with firebase deploy.

[debug] [2026-05-09T21:12:28.831Z] ExitPromptError: User force closed the prompt with SIGINT
    at Interface.sigint (/usr/local/lib/node_modules/firebase-tools/node_modules/@inquirer/core/dist/commonjs/lib/create-prompt.js:101:37)
    at Interface.emit (node:events:508:28)
    at [_ttyWrite] [as _ttyWrite] (node:internal/readline/interface:1317:18)
    at ReadStream.onkeypress (node:internal/readline/interface:284:20)
    at ReadStream.emit (node:events:520:35)
    at emitKeys (node:internal/readline/utils:371:14)
    at emitKeys.next (<anonymous>)
    at ReadStream.onData (node:internal/readline/emitKeypressEvents:64:36)
    at ReadStream.emit (node:events:508:28)
    at addChunk (node:internal/streams/readable:559:12)
[error] 
[error] Error: An unexpected error has occurred.
